ASxxxx Linker V03.00 + NoICE + sdld,  page 1.
Hexadecimal  [32-Bits]

Area                                    Addr        Size        Decimal Bytes (Attributes)
--------------------------------        ----        ----        ------- ----- ------------
.  .ABS.                            00000000    00000000 =           0. bytes (ABS,CON)

      Value  Global                              Global Defined In Module
      -----  --------------------------------   ------------------------
     00000000  .__.ABS.                           STM8_TBI
     00000000  l_BTXT                          
     00000000  l_SSEG                          
     00000000  l__CODE                         
     00000000  s_BTXT                          
     00000000  s_BTXT0                         
     00000000  s_SSEG                          
     00000000  s_SSEG1                         
     00000000  s__CODE                         
     00000001  s_DATA                          
     00000004  l_BTXT0                         
     00000060  l_DATA                          
     00000080  l_HOME                          
     00000170  l_SSEG1                         
     00002A04  l_CODE                          
     00008000  s_HOME                          
     00008080  s_CODE                          

ASxxxx Linker V03.00 + NoICE + sdld,  page 2.
Hexadecimal  [32-Bits]

Area                                    Addr        Size        Decimal Bytes (Attributes)
--------------------------------        ----        ----        ------- ----- ------------
DATA                                00000001    00000060 =          96. bytes (REL,CON)

      Value  Global                              Global Defined In Module
      -----  --------------------------------   ------------------------
     00000001  in.w                               STM8_TBI
     00000002  in                                 STM8_TBI
     00000003  in.saved                           STM8_TBI
     00000004  count                              STM8_TBI
     00000005  basicptr                           STM8_TBI
     0000000B  base                               STM8_TBI
     0000000C  acc24                              STM8_TBI
     0000000D  acc16                              STM8_TBI
     0000000E  acc8                               STM8_TBI
     00000011  timer                              STM8_TBI
     00000018  ptr16                              STM8_TBI
     0000001A  txtbgn                             STM8_TBI
     0000001C  txtend                             STM8_TBI
     00000021  flags                              STM8_TBI
     00000022  tab_width                          STM8_TBI
     0000002D  vars                               STM8_TBI

ASxxxx Linker V03.00 + NoICE + sdld,  page 3.
Hexadecimal  [32-Bits]

Area                                    Addr        Size        Decimal Bytes (Attributes)
--------------------------------        ----        ----        ------- ----- ------------
BTXT0                               00000000    00000004 =           4. bytes (ABS,CON)

      Value  Global                              Global Defined In Module
      -----  --------------------------------   ------------------------
ASxxxx Linker V03.00 + NoICE + sdld,  page 4.
Hexadecimal  [32-Bits]

Area                                    Addr        Size        Decimal Bytes (Attributes)
--------------------------------        ----        ----        ------- ----- ------------
SSEG1                               00000000    00000170 =         368. bytes (ABS,CON)

      Value  Global                              Global Defined In Module
      -----  --------------------------------   ------------------------
     00001690  tib                                STM8_TBI
     000016E0  pad                                STM8_TBI
     00001760  stack_full                         STM8_TBI
ASxxxx Linker V03.00 + NoICE + sdld,  page 5.
Hexadecimal  [32-Bits]

Area                                    Addr        Size        Decimal Bytes (Attributes)
--------------------------------        ----        ----        ------- ----- ------------
HOME                                00008000    00000080 =         128. bytes (REL,CON)

      Value  Global                              Global Defined In Module
      -----  --------------------------------   ------------------------
ASxxxx Linker V03.00 + NoICE + sdld,  page 6.
Hexadecimal  [32-Bits]

Area                                    Addr        Size        Decimal Bytes (Attributes)
--------------------------------        ----        ----        ------- ----- ------------
CODE                                00008080    00002A04 =       10756. bytes (REL,CON)

      Value  Global                              Global Defined In Module
      -----  --------------------------------   ------------------------
     00008341  putc                               STM8_TBI
     00008341  uart1_putc                         STM8_TBI
     0000834A  qgetc                              STM8_TBI
     0000834A  uart1_qgetc                        STM8_TBI
     00008351  getc                               STM8_TBI
     00008351  uart1_getc                         STM8_TBI
     00008419  strlen                             STM8_TBI
     00008435  strcpy                             STM8_TBI
     00008445  move                               STM8_TBI
     0000849D  is_alpha                           STM8_TBI
     000084AE  is_digit                           STM8_TBI
     000084B7  is_alnum                           STM8_TBI
     000087C1  syntax_error                       STM8_TBI
     000087C3  tb_error                           STM8_TBI
     000088B0  next_token                         STM8_TBI
     00008927  itoa                               STM8_TBI
     00008A17  to_upper                           STM8_TBI
     00008A23  atoi24                             STM8_TBI
     00008C0A  search_dict                        STM8_TBI
     00008ECC  let                                STM8_TBI
     000090EE  remark                             STM8_TBI
     0000934E  beep_1khz                          STM8_TBI
     0000969F  qkey                               STM8_TBI
     00009FDA  kword_dict                         STM8_TBI
     00009FE2  code_addr                          STM8_TBI
     0000A0DC  puts                               STM8_TBI
     0000A149  spaces                             STM8_TBI
     0000A1E1  readln                             STM8_TBI
     0000A3A2  print_hex                          STM8_TBI
     0000A3B9  to_hex_char                        STM8_TBI
     0000A3C4  search_lineno                      STM8_TBI
     0000A507  escaped                            STM8_TBI
     0000A5FB  get_token                          STM8_TBI
     0000A7BA  compile                            STM8_TBI
     0000A859  right_align                        STM8_TBI
     0000A8AC  var_name                           STM8_TBI
     0000A8D5  decompile                          STM8_TBI
     0000AA80  app_space                          STM8_TBI

ASxxxx Linker V03.00 + NoICE + sdld,  page 7.

Files Linked                              [ module(s) ]

build/TinyBasic.rel                       [ STM8_TBI ]

ASxxxx Linker V03.00 + NoICE + sdld,  page 8.

User Base Address Definitions

HOME = 0x8000
DATA = 0x0001

