ASxxxx Linker V03.00 + NoICE + sdld,  page 1.
Hexadecimal  [32-Bits]

Area                                    Addr        Size        Decimal Bytes (Attributes)
--------------------------------        ----        ----        ------- ----- ------------
.  .ABS.                            00000000    00000000 =           0. bytes (ABS,CON)

      Value  Global                              Global Defined In Module
      -----  --------------------------------   ------------------------
     00000000  .__.ABS.                           HW_INIT
     00000000  l_BTXT                          
     00000000  l_SSEG                          
     00000000  l__CODE                         
     00000000  s_BTXT                          
     00000000  s_BTXT1                         
     00000000  s_SSEG                          
     00000000  s_SSEG0                         
     00000000  s__CODE                         
     00000001  s_DATA                          
     00000004  l_BTXT1                         
     00000080  l_HOME                          
     00000082  l_DATA                          
     00000198  l_SSEG0                         
     00003604  l_CODE                          
     00008000  s_HOME                          
     00008080  s_CODE                          

ASxxxx Linker V03.00 + NoICE + sdld,  page 2.
Hexadecimal  [32-Bits]

Area                                    Addr        Size        Decimal Bytes (Attributes)
--------------------------------        ----        ----        ------- ----- ------------
SSEG0                               00000000    00000198 =         408. bytes (ABS,CON)

      Value  Global                              Global Defined In Module
      -----  --------------------------------   ------------------------
     00001690  tib                                HW_INIT
     000016E0  block_buffer                       HW_INIT
     000016E0  pad                                HW_INIT
     00001760  xstack_full                        HW_INIT
     0000179C  stack_full                         HW_INIT
     0000179C  xstack_unf                         HW_INIT
ASxxxx Linker V03.00 + NoICE + sdld,  page 3.
Hexadecimal  [32-Bits]

Area                                    Addr        Size        Decimal Bytes (Attributes)
--------------------------------        ----        ----        ------- ----- ------------
HOME                                00008000    00000080 =         128. bytes (REL,CON)

      Value  Global                              Global Defined In Module
      -----  --------------------------------   ------------------------
ASxxxx Linker V03.00 + NoICE + sdld,  page 4.
Hexadecimal  [32-Bits]

Area                                    Addr        Size        Decimal Bytes (Attributes)
--------------------------------        ----        ----        ------- ----- ------------
CODE                                00008080    00003604 =       13828. bytes (REL,CON)

      Value  Global                              Global Defined In Module
      -----  --------------------------------   ------------------------
     00008417  prt_peek                           HW_INIT
     00008876  write_block                        HW_INIT
     0000895A  putc                               HW_INIT
     0000895A  uart1_putc                         HW_INIT
     00008963  qgetc                              HW_INIT
     00008963  uart1_qgetc                        HW_INIT
     0000896A  getc                               HW_INIT
     0000896A  uart1_getc                         HW_INIT
     000089B7  puts                               HW_INIT
     00008A24  spaces                             HW_INIT
     00008ABC  readln                             HW_INIT
     00008C72  print_hex                          HW_INIT
     00008C89  to_hex_char                        HW_INIT
     00008C94  search_lineno                      HW_INIT
     00008DD7  escaped                            HW_INIT
     00008E6B  is_alpha                           HW_INIT
     00008E7C  is_digit                           HW_INIT
     00008E85  is_alnum                           HW_INIT
     00008F31  get_token                          HW_INIT
     000090E5  compile                            HW_INIT
     0000918F  right_align                        HW_INIT
     000091E7  var_name                           HW_INIT
     000091F1  decompile                          HW_INIT
     000093D5  strlen                             HW_INIT
     000093F1  strcpy                             HW_INIT
     00009401  move                               HW_INIT
     000096B5  syntax_error                       HW_INIT
     000096B7  tb_error                           HW_INIT
     00009819  next_token                         HW_INIT
     0000989E  itoa                               HW_INIT
     000098F7  to_upper                           HW_INIT
     00009903  atoi24                             HW_INIT
     00009984  search_dict                        HW_INIT
     00009CFD  let                                HW_INIT
     0000A135  remark                             HW_INIT
     0000A59A  beep_1khz                          HW_INIT
     0000AA07  qkey                               HW_INIT
     0000B48F  kword_dict                         HW_INIT
     0000B680  app_space                          HW_INIT
ASxxxx Linker V03.00 + NoICE + sdld,  page 5.
Hexadecimal  [32-Bits]

Area                                    Addr        Size        Decimal Bytes (Attributes)
--------------------------------        ----        ----        ------- ----- ------------
DATA                                00000001    00000082 =         130. bytes (REL,CON)

      Value  Global                              Global Defined In Module
      -----  --------------------------------   ------------------------
     00000001  in.w                               HW_INIT
     00000002  in                                 HW_INIT
     00000003  in.saved                           HW_INIT
     00000004  count                              HW_INIT
     00000005  basicptr                           HW_INIT
     0000000B  base                               HW_INIT
     0000000C  acc32                              HW_INIT
     0000000D  acc24                              HW_INIT
     0000000E  acc16                              HW_INIT
     0000000F  acc8                               HW_INIT
     00000013  timer                              HW_INIT
     0000001A  ptr16                              HW_INIT
     0000001C  txtbgn                             HW_INIT
     0000001E  txtend                             HW_INIT
     00000023  flags                              HW_INIT
     00000024  tab_width                          HW_INIT
     00000031  dvar_bgn                           HW_INIT
     00000033  dvar_end                           HW_INIT
     00000035  vars                               HW_INIT

ASxxxx Linker V03.00 + NoICE + sdld,  page 6.
Hexadecimal  [32-Bits]

Area                                    Addr        Size        Decimal Bytes (Attributes)
--------------------------------        ----        ----        ------- ----- ------------
BTXT1                               00000000    00000004 =           4. bytes (ABS,CON)

      Value  Global                              Global Defined In Module
      -----  --------------------------------   ------------------------
ASxxxx Linker V03.00 + NoICE + sdld,  page 7.

Files Linked                              [ module(s) ]

build/TinyBasic.rel                       [ HW_INIT ]

ASxxxx Linker V03.00 + NoICE + sdld,  page 8.

User Base Address Definitions

HOME = 0x8000
DATA = 0x0001

